// Jest Snapshot v1, https://goo.gl/fbAQLP

exports[`renders a snapshot 1`] = `
<div
  className="card"
  style={
    Object {
      "width": "18rem",
    }
  }
>
  <img
    className="card-img-top"
    src="Chester.jpeg"
  />
  <div
    className="card-body"
  >
    <div
      className="card-title h5"
    >
      imandato
    </div>
    <p
      className="card-text"
    >
      Github description - adding on
    </p>
  </div>
</div>
`;
